<html>
<body>
<pre>
<h1>µVision Build Log</h1>
<h2>Tool Versions:</h2>
IDE-Version: ¦ÌVision V5.33.0.0
Copyright (C) 2020 ARM Ltd and ARM Germany GmbH. All rights reserved.
License Information:   ,  , LIC=HF82M-X6CVQ-YDFK5-GZUQF-44UUZ-IJSWP
 
Tool Versions:
Toolchain:       MDK-ARM Professional  Version: 5.33.0.0
Toolchain Path:  C:\Keil_v5_ARM\ARM\ARMCC\Bin
C Compiler:      Armcc.exe V5.06 update 7 (build 960)
Assembler:       Armasm.exe V5.06 update 7 (build 960)
Linker/Locator:  ArmLink.exe V5.06 update 7 (build 960)
Library Manager: ArmAr.exe V5.06 update 7 (build 960)
Hex Converter:   FromElf.exe V5.06 update 7 (build 960)
CPU DLL:         SARMCM3.DLL V5.33.0.0
Dialog DLL:      DCM.DLL V1.17.3.0
Target DLL:      Segger\JL2CM3.dll V2.99.38.0
Dialog DLL:      TCM.DLL V1.48.0.0
 
<h2>Project:</h2>
C:\Users\Shen\Desktop\NewINF v5.0.0 RG\MDK-ARM\standard_tpye_c.uvprojx
Project File Date:  03/10/2022

<h2>Output:</h2>
*** Using Compiler 'V5.06 update 7 (build 960)', folder: 'C:\Keil_v5_ARM\ARM\ARMCC\Bin'
Rebuild target 'standard_tpye_c'
assembling startup_stm32f407xx.s...
compiling crc.c...
compiling gpio.c...
compiling can.c...
compiling dma.c...
compiling adc.c...
compiling main.c...
compiling freertos.c...
compiling rng.c...
compiling rtc.c...
compiling spi.c...
compiling i2c.c...
compiling tim.c...
compiling usart.c...
compiling usb_device.c...
compiling system_stm32f4xx.c...
compiling usbd_cdc_if.c...
compiling stm32f4xx_hal_msp.c...
compiling bsp_adc.c...
compiling usbd_conf.c...
compiling usbd_desc.c...
compiling stm32f4xx_it.c...
compiling bsp_buzzer.c...
compiling bsp_can.c...
compiling bsp_delay.c...
compiling bsp_crc32.c...
compiling bsp_flash.c...
compiling bsp_imu_pwm.c...
compiling bsp_fric.c...
compiling bsp_rng.c...
compiling bsp_laser.c...
compiling bsp_rc.c...
compiling bsp_led.c...
compiling bsp_i2c.c...
compiling calibrate_task.c...
compiling chassis_behaviour.c...
compiling bsp_spi.c...
compiling detect_task.c...
compiling bsp_usart.c...
compiling gimbal_behaviour.c...
compiling bsp_servo_pwm.c...
compiling chassis_power_control.c...
compiling CAN_receive.c...
compiling oled_task.c...
compiling chassis_task.c...
compiling INS_task.c...
compiling gimbal_task.c...
compiling referee.c...
compiling remote_control.c...
compiling voltage_task.c...
compiling test_task.c...
compiling referee_usart_task.c...
compiling shoot.c...
compiling usb_task.c...
compiling ist8310driver.c...
compiling led_flow_task.c...
compiling servo_task.c...
compiling user_lib.c...
compiling SuperCap_comm.c...
compiling OLED.c...
compiling BMI088driver.c...
compiling ist8310driver_middleware.c...
compiling BMI088Middleware.c...
compiling AHRS_middleware.c...
compiling CRC8_CRC16.c...
compiling stm32f4xx_hal_pcd.c...
compiling stm32f4xx_hal_pcd_ex.c...
compiling fifo.c...
compiling mem_mang4.c...
compiling pid.c...
compiling stm32f4xx_ll_usb.c...
compiling stm32f4xx_hal_adc.c...
compiling stm32f4xx_hal_crc.c...
compiling stm32f4xx_hal_i2c_ex.c...
compiling stm32f4xx_hal_adc_ex.c...
compiling stm32f4xx_hal_can.c...
compiling stm32f4xx_hal_i2c.c...
compiling stm32f4xx_hal_rng.c...
compiling stm32f4xx_hal_rtc.c...
compiling stm32f4xx_hal_rtc_ex.c...
compiling stm32f4xx_hal_spi.c...
compiling stm32f4xx_hal_tim_ex.c...
compiling stm32f4xx_hal_tim.c...
compiling stm32f4xx_hal_uart.c...
compiling stm32f4xx_hal_rcc.c...
compiling stm32f4xx_hal_rcc_ex.c...
compiling stm32f4xx_hal_flash.c...
compiling stm32f4xx_hal_flash_ramfunc.c...
compiling stm32f4xx_hal_flash_ex.c...
compiling stm32f4xx_hal_gpio.c...
compiling stm32f4xx_hal_dma_ex.c...
compiling croutine.c...
compiling event_groups.c...
compiling list.c...
compiling queue.c...
compiling stm32f4xx_hal_dma.c...
compiling stream_buffer.c...
compiling tasks.c...
compiling timers.c...
compiling heap_4.c...
compiling cmsis_os.c...
compiling port.c...
compiling stm32f4xx_hal_pwr.c...
compiling stm32f4xx_hal_pwr_ex.c...
compiling stm32f4xx_hal_exti.c...
compiling stm32f4xx_hal_cortex.c...
compiling stm32f4xx_hal.c...
compiling usbd_ctlreq.c...
compiling usbd_core.c...
compiling usbd_ioreq.c...
compiling usbd_cdc.c...
linking...
Program Size: Code=96928 RO-data=13764 RW-data=1312 ZI-data=58752  
FromELF: creating hex file...
".\standard_tpye_c\standard_tpye_c.axf" - 0 Error(s), 0 Warning(s).

<h2>Software Packages used:</h2>

Package Vendor: ARM
                http://www.keil.com/pack/ARM.CMSIS.5.7.0.pack
                ARM.CMSIS.5.7.0
                CMSIS (Cortex Microcontroller Software Interface Standard)
   * Component: CORE Version: 5.4.0

Package Vendor: Keil
                http://www.keil.com/pack/Keil.STM32F4xx_DFP.2.15.0.pack
                Keil.STM32F4xx_DFP.2.15.0
                STMicroelectronics STM32F4 Series Device Support, Drivers and Examples

<h2>Collection of Component include folders:</h2>
  .\RTE\_standard_tpye_c
  C:\Users\Shen\AppData\Local\Arm\Packs\ARM\CMSIS\5.7.0\CMSIS\Core\Include
  C:\Users\Shen\AppData\Local\Arm\Packs\Keil\STM32F4xx_DFP\2.15.0\Drivers\CMSIS\Device\ST\STM32F4xx\Include

<h2>Collection of Component Files used:</h2>

   * Component: ARM::CMSIS:CORE:5.4.0
Build Time Elapsed:  00:01:41
</pre>
</body>
</html>
